Component: ARM Compiler 5.05 update 2 (build 169) Tool: armlink [4d0f33]

==============================================================================

Section Cross References

    main.o(.text) refers to delay.o(.text) for delay_init
    main.o(.text) refers to spi.o(.text) for sx1278GPIO_Ini
    main.o(.text) refers to pvd.o(.text) for PVD_Init
    main.o(.text) refers to dac.o(.text) for Dac1_Init
    main.o(.text) refers to usart.o(.text) for USART2_Initialise
    main.o(.text) refers to sx1278.o(.text) for Init_sx1278
    main.o(.text) refers to flash.o(.text) for FlashRead
    main.o(.text) refers to stm32f10x_usart.o(.text) for USART_SendData
    main.o(.text) refers to usart.o(.data) for count
    main.o(.text) refers to usart.o(.bss) for USART2_RX_BUF
    led.o(.text) refers to stm32f10x_rcc.o(.text) for RCC_APB2PeriphClockCmd
    led.o(.text) refers to stm32f10x_gpio.o(.text) for GPIO_PinRemapConfig
    adc.o(.text) refers to stm32f10x_rcc.o(.text) for RCC_APB2PeriphClockCmd
    adc.o(.text) refers to stm32f10x_gpio.o(.text) for GPIO_Init
    adc.o(.text) refers to stm32f10x_adc.o(.text) for ADC_DeInit
    adc.o(.text) refers to delay.o(.text) for delay_ms
    dac.o(.text) refers to stm32f10x_rcc.o(.text) for RCC_APB2PeriphClockCmd
    dac.o(.text) refers to stm32f10x_gpio.o(.text) for GPIO_Init
    dac.o(.text) refers to stm32f10x_dac.o(.text) for DAC_Init
    dac.o(.text) refers to dfltui.o(.text) for __aeabi_ui2d
    dac.o(.text) refers to ddiv.o(.text) for __aeabi_ddiv
    dac.o(.text) refers to dmul.o(.text) for __aeabi_dmul
    dac.o(.text) refers to dfixui.o(.text) for __aeabi_d2uiz
    dac.o(.text) refers to f2d.o(.text) for __aeabi_f2d
    key.o(.text) refers to stm32f10x_rcc.o(.text) for RCC_APB2PeriphClockCmd
    key.o(.text) refers to stm32f10x_gpio.o(.text) for GPIO_PinRemapConfig
    key.o(.text) refers to delay.o(.text) for delay_ms
    key.o(.text) refers to key.o(.data) for key_up
    pvd.o(.text) refers to misc.o(.text) for NVIC_PriorityGroupConfig
    pvd.o(.text) refers to stm32f10x_rcc.o(.text) for RCC_APB1PeriphClockCmd
    pvd.o(.text) refers to stm32f10x_pwr.o(.text) for PWR_PVDLevelConfig
    pvd.o(.text) refers to stm32f10x_exti.o(.text) for EXTI_DeInit
    pvd.o(.text) refers to flash.o(.text) for FLASH_WriteByte
    pvd.o(.text) refers to usart.o(.data) for date
    spi.o(.text) refers to stm32f10x_rcc.o(.text) for RCC_APB2PeriphClockCmd
    spi.o(.text) refers to stm32f10x_gpio.o(.text) for GPIO_Init
    flash.o(.text) refers to stm32f10x_flash.o(.text) for FLASH_Unlock
    flash.o(.text) refers to memcpya.o(.text) for __aeabi_memcpy
    delay.o(.text) refers to misc.o(.text) for SysTick_CLKSourceConfig
    delay.o(.text) refers to system_stm32f10x.o(.data) for SystemCoreClock
    delay.o(.text) refers to delay.o(.data) for fac_us
    usart.o(.text) refers to stm32f10x_rcc.o(.text) for RCC_APB2PeriphClockCmd
    usart.o(.text) refers to stm32f10x_gpio.o(.text) for GPIO_Init
    usart.o(.text) refers to misc.o(.text) for NVIC_Init
    usart.o(.text) refers to stm32f10x_usart.o(.text) for USART_Init
    usart.o(.text) refers to dflti.o(.text) for __aeabi_i2d
    usart.o(.text) refers to ddiv.o(.text) for __aeabi_ddiv
    usart.o(.text) refers to dmul.o(.text) for __aeabi_dmul
    usart.o(.text) refers to d2f.o(.text) for __aeabi_d2f
    usart.o(.text) refers to dac.o(.text) for DAC_OutVoltage
    usart.o(.text) refers to usart.o(.data) for count
    usart.o(.text) refers to usart.o(.bss) for USART2_RX_BUF
    sx1278.o(.text) refers to spi.o(.text) for SX1276Write
    sx1278.o(.text) refers to delay.o(.text) for delay_ms
    sx1278.o(.text) refers to sx1278.o(.data) for test
    startup_stm32f10x_hd.o(RESET) refers to startup_stm32f10x_hd.o(STACK) for __initial_sp
    startup_stm32f10x_hd.o(RESET) refers to startup_stm32f10x_hd.o(.text) for Reset_Handler
    startup_stm32f10x_hd.o(RESET) refers to stm32f10x_it.o(.text) for NMI_Handler
    startup_stm32f10x_hd.o(RESET) refers to pvd.o(.text) for PVD_IRQHandler
    startup_stm32f10x_hd.o(RESET) refers to usart.o(.text) for USART2_IRQHandler
    startup_stm32f10x_hd.o(.text) refers to system_stm32f10x.o(.text) for SystemInit
    startup_stm32f10x_hd.o(.text) refers to entry.o(.ARM.Collect$$$$00000000) for __main
    system_stm32f10x.o(.text) refers to system_stm32f10x.o(.data) for SystemCoreClock
    stm32f10x_rcc.o(.text) refers to stm32f10x_rcc.o(.data) for APBAHBPrescTable
    stm32f10x_usart.o(.text) refers to stm32f10x_rcc.o(.text) for RCC_APB2PeriphResetCmd
    stm32f10x_adc.o(.text) refers to stm32f10x_rcc.o(.text) for RCC_APB2PeriphResetCmd
    stm32f10x_gpio.o(.text) refers to stm32f10x_rcc.o(.text) for RCC_APB2PeriphResetCmd
    stm32f10x_dac.o(.text) refers to stm32f10x_rcc.o(.text) for RCC_APB1PeriphResetCmd
    stm32f10x_pwr.o(.text) refers to stm32f10x_rcc.o(.text) for RCC_APB1PeriphResetCmd
    stm32f10x_spi.o(.text) refers to stm32f10x_rcc.o(.text) for RCC_APB2PeriphResetCmd
    entry.o(.ARM.Collect$$$$00000000) refers (Special) to entry10a.o(.ARM.Collect$$$$0000000D) for __rt_final_cpp
    entry.o(.ARM.Collect$$$$00000000) refers (Special) to entry11a.o(.ARM.Collect$$$$0000000F) for __rt_final_exit
    entry.o(.ARM.Collect$$$$00000000) refers (Special) to entry7b.o(.ARM.Collect$$$$00000008) for _main_clock
    entry.o(.ARM.Collect$$$$00000000) refers (Special) to entry8b.o(.ARM.Collect$$$$0000000A) for _main_cpp_init
    entry.o(.ARM.Collect$$$$00000000) refers (Special) to entry9a.o(.ARM.Collect$$$$0000000B) for _main_init
    entry.o(.ARM.Collect$$$$00000000) refers (Special) to entry5.o(.ARM.Collect$$$$00000004) for _main_scatterload
    entry.o(.ARM.Collect$$$$00000000) refers (Special) to entry2.o(.ARM.Collect$$$$00000001) for _main_stk
    dmul.o(.text) refers (Special) to iusefp.o(.text) for __I$use$fp
    dmul.o(.text) refers to depilogue.o(.text) for _double_epilogue
    ddiv.o(.text) refers (Special) to iusefp.o(.text) for __I$use$fp
    ddiv.o(.text) refers to depilogue.o(.text) for _double_round
    dflti.o(.text) refers (Special) to iusefp.o(.text) for __I$use$fp
    dflti.o(.text) refers to depilogue.o(.text) for _double_epilogue
    dfltui.o(.text) refers (Special) to iusefp.o(.text) for __I$use$fp
    dfltui.o(.text) refers to depilogue.o(.text) for _double_epilogue
    dfixui.o(.text) refers (Special) to iusefp.o(.text) for __I$use$fp
    dfixui.o(.text) refers to llushr.o(.text) for __aeabi_llsr
    f2d.o(.text) refers (Special) to iusefp.o(.text) for __I$use$fp
    d2f.o(.text) refers (Special) to iusefp.o(.text) for __I$use$fp
    d2f.o(.text) refers to fepilogue.o(.text) for _float_round
    entry2.o(.ARM.Collect$$$$00000001) refers to entry2.o(.ARM.Collect$$$$00002712) for __lit__00000000
    entry2.o(.ARM.Collect$$$$00002712) refers to startup_stm32f10x_hd.o(STACK) for __initial_sp
    entry2.o(__vectab_stack_and_reset_area) refers to startup_stm32f10x_hd.o(STACK) for __initial_sp
    entry2.o(__vectab_stack_and_reset_area) refers to entry.o(.ARM.Collect$$$$00000000) for __main
    entry5.o(.ARM.Collect$$$$00000004) refers to init.o(.text) for __scatterload
    entry9a.o(.ARM.Collect$$$$0000000B) refers to main.o(.text) for main
    entry9b.o(.ARM.Collect$$$$0000000C) refers to main.o(.text) for main
    depilogue.o(.text) refers to llshl.o(.text) for __aeabi_llsl
    depilogue.o(.text) refers to llushr.o(.text) for __aeabi_llsr
    init.o(.text) refers to entry5.o(.ARM.Collect$$$$00000004) for __main_after_scatterload


==============================================================================

Removing Unused input sections from the image.

    Removing led.o(.text), (176 bytes).
    Removing adc.o(.text), (416 bytes).
    Removing key.o(.text), (220 bytes).
    Removing key.o(.data), (1 bytes).
    Removing flash.o(.data), (2 bytes).
    Removing sys.o(.emb_text), (6 bytes).
    Removing sys.o(.text), (12 bytes).
    Removing sx1278.o(.constdata), (10 bytes).
    Removing startup_stm32f10x_hd.o(HEAP), (512 bytes).
    Removing core_cm3.o(.emb_text), (32 bytes).
    Removing stm32f10x_adc.o(.text), (1102 bytes).
    Removing stm32f10x_spi.o(.text), (780 bytes).

12 unused section(s) (total 3269 bytes) removed from the image.

==============================================================================

Image Symbol Table

    Local Symbols

    Symbol Name                              Value     Ov Type        Size  Object(Section)

    ../clib/microlib/init/entry.s            0x00000000   Number         0  entry2.o ABSOLUTE
    ../clib/microlib/init/entry.s            0x00000000   Number         0  entry5.o ABSOLUTE
    ../clib/microlib/init/entry.s            0x00000000   Number         0  entry7a.o ABSOLUTE
    ../clib/microlib/init/entry.s            0x00000000   Number         0  entry7b.o ABSOLUTE
    ../clib/microlib/init/entry.s            0x00000000   Number         0  entry8a.o ABSOLUTE
    ../clib/microlib/init/entry.s            0x00000000   Number         0  entry8b.o ABSOLUTE
    ../clib/microlib/init/entry.s            0x00000000   Number         0  entry9a.o ABSOLUTE
    ../clib/microlib/init/entry.s            0x00000000   Number         0  entry9b.o ABSOLUTE
    ../clib/microlib/init/entry.s            0x00000000   Number         0  entry10a.o ABSOLUTE
    ../clib/microlib/init/entry.s            0x00000000   Number         0  entry10b.o ABSOLUTE
    ../clib/microlib/init/entry.s            0x00000000   Number         0  entry11a.o ABSOLUTE
    ../clib/microlib/init/entry.s            0x00000000   Number         0  entry11b.o ABSOLUTE
    ../clib/microlib/init/entry.s            0x00000000   Number         0  entry.o ABSOLUTE
    ../clib/microlib/longlong.c              0x00000000   Number         0  llushr.o ABSOLUTE
    ../clib/microlib/longlong.c              0x00000000   Number         0  llshl.o ABSOLUTE
    ../clib/microlib/string/memcpy.c         0x00000000   Number         0  memcpyb.o ABSOLUTE
    ../clib/microlib/string/memcpy.c         0x00000000   Number         0  memcpya.o ABSOLUTE
    ../clib/microlib/stubs.s                 0x00000000   Number         0  iusefp.o ABSOLUTE
    ../fplib/microlib/d2f.c                  0x00000000   Number         0  d2f.o ABSOLUTE
    ../fplib/microlib/f2d.c                  0x00000000   Number         0  f2d.o ABSOLUTE
    ../fplib/microlib/fpdiv.c                0x00000000   Number         0  ddiv.o ABSOLUTE
    ../fplib/microlib/fpepilogue.c           0x00000000   Number         0  depilogue.o ABSOLUTE
    ../fplib/microlib/fpepilogue.c           0x00000000   Number         0  fepilogue.o ABSOLUTE
    ../fplib/microlib/fpfix.c                0x00000000   Number         0  dfixui.o ABSOLUTE
    ../fplib/microlib/fpflt.c                0x00000000   Number         0  dflti.o ABSOLUTE
    ../fplib/microlib/fpflt.c                0x00000000   Number         0  dfltui.o ABSOLUTE
    ../fplib/microlib/fpmul.c                0x00000000   Number         0  dmul.o ABSOLUTE
    ..\CORE\core_cm3.c                       0x00000000   Number         0  core_cm3.o ABSOLUTE
    ..\CORE\startup_stm32f10x_hd.s           0x00000000   Number         0  startup_stm32f10x_hd.o ABSOLUTE
    ..\HARDWARE\ADC\adc.c                    0x00000000   Number         0  adc.o ABSOLUTE
    ..\HARDWARE\DAC\dac.c                    0x00000000   Number         0  dac.o ABSOLUTE
    ..\HARDWARE\KEY\key.c                    0x00000000   Number         0  key.o ABSOLUTE
    ..\HARDWARE\LED\led.c                    0x00000000   Number         0  led.o ABSOLUTE
    ..\HARDWARE\SPI\spi.c                    0x00000000   Number         0  spi.o ABSOLUTE
    ..\HARDWARE\sx1278\sx1278.c              0x00000000   Number         0  sx1278.o ABSOLUTE
    ..\STM32F10x_FWLib\src\misc.c            0x00000000   Number         0  misc.o ABSOLUTE
    ..\STM32F10x_FWLib\src\stm32f10x_adc.c   0x00000000   Number         0  stm32f10x_adc.o ABSOLUTE
    ..\STM32F10x_FWLib\src\stm32f10x_dac.c   0x00000000   Number         0  stm32f10x_dac.o ABSOLUTE
    ..\STM32F10x_FWLib\src\stm32f10x_exti.c  0x00000000   Number         0  stm32f10x_exti.o ABSOLUTE
    ..\STM32F10x_FWLib\src\stm32f10x_flash.c 0x00000000   Number         0  stm32f10x_flash.o ABSOLUTE
    ..\STM32F10x_FWLib\src\stm32f10x_gpio.c  0x00000000   Number         0  stm32f10x_gpio.o ABSOLUTE
    ..\STM32F10x_FWLib\src\stm32f10x_pwr.c   0x00000000   Number         0  stm32f10x_pwr.o ABSOLUTE
    ..\STM32F10x_FWLib\src\stm32f10x_rcc.c   0x00000000   Number         0  stm32f10x_rcc.o ABSOLUTE
    ..\STM32F10x_FWLib\src\stm32f10x_spi.c   0x00000000   Number         0  stm32f10x_spi.o ABSOLUTE
    ..\STM32F10x_FWLib\src\stm32f10x_usart.c 0x00000000   Number         0  stm32f10x_usart.o ABSOLUTE
    ..\SYSTEM\delay\delay.c                  0x00000000   Number         0  delay.o ABSOLUTE
    ..\SYSTEM\sys\sys.c                      0x00000000   Number         0  sys.o ABSOLUTE
    ..\SYSTEM\usart\usart.c                  0x00000000   Number         0  usart.o ABSOLUTE
    ..\\CORE\\core_cm3.c                     0x00000000   Number         0  core_cm3.o ABSOLUTE
    ..\\SYSTEM\\sys\\sys.c                   0x00000000   Number         0  sys.o ABSOLUTE
    PVD.c                                    0x00000000   Number         0  pvd.o ABSOLUTE
    dc.s                                     0x00000000   Number         0  dc.o ABSOLUTE
    flash.c                                  0x00000000   Number         0  flash.o ABSOLUTE
    handlers.s                               0x00000000   Number         0  handlers.o ABSOLUTE
    init.s                                   0x00000000   Number         0  init.o ABSOLUTE
    main.c                                   0x00000000   Number         0  main.o ABSOLUTE
    stm32f10x_it.c                           0x00000000   Number         0  stm32f10x_it.o ABSOLUTE
    system_stm32f10x.c                       0x00000000   Number         0  system_stm32f10x.o ABSOLUTE
    RESET                                    0x08000000   Section      304  startup_stm32f10x_hd.o(RESET)
    .ARM.Collect$$$$00000000                 0x08000130   Section        0  entry.o(.ARM.Collect$$$$00000000)
    .ARM.Collect$$$$00000001                 0x08000130   Section        4  entry2.o(.ARM.Collect$$$$00000001)
    .ARM.Collect$$$$00000004                 0x08000134   Section        4  entry5.o(.ARM.Collect$$$$00000004)
    .ARM.Collect$$$$00000008                 0x08000138   Section        0  entry7b.o(.ARM.Collect$$$$00000008)
    .ARM.Collect$$$$0000000A                 0x08000138   Section        0  entry8b.o(.ARM.Collect$$$$0000000A)
    .ARM.Collect$$$$0000000B                 0x08000138   Section        8  entry9a.o(.ARM.Collect$$$$0000000B)
    .ARM.Collect$$$$0000000D                 0x08000140   Section        0  entry10a.o(.ARM.Collect$$$$0000000D)
    .ARM.Collect$$$$0000000F                 0x08000140   Section        0  entry11a.o(.ARM.Collect$$$$0000000F)
    .ARM.Collect$$$$00002712                 0x08000140   Section        4  entry2.o(.ARM.Collect$$$$00002712)
    __lit__00000000                          0x08000140   Data           4  entry2.o(.ARM.Collect$$$$00002712)
    .text                                    0x08000144   Section        0  main.o(.text)
    .text                                    0x08000240   Section        0  dac.o(.text)
    .text                                    0x08000328   Section        0  pvd.o(.text)
    .text                                    0x080003b0   Section        0  spi.o(.text)
    delay                                    0x080003b1   Thumb Code    14  spi.o(.text)
    .text                                    0x0800077c   Section        0  flash.o(.text)
    .text                                    0x080007cc   Section        0  delay.o(.text)
    .text                                    0x080008a0   Section        0  usart.o(.text)
    .text                                    0x08000a08   Section        0  sx1278.o(.text)
    .text                                    0x08000c00   Section       36  startup_stm32f10x_hd.o(.text)
    .text                                    0x08000c24   Section        0  system_stm32f10x.o(.text)
    SetSysClockTo72                          0x08000c25   Thumb Code   186  system_stm32f10x.o(.text)
    SetSysClock                              0x08000cdf   Thumb Code     8  system_stm32f10x.o(.text)
    .text                                    0x08000de8   Section        0  misc.o(.text)
    .text                                    0x08000ec4   Section        0  stm32f10x_it.o(.text)
    .text                                    0x08000edc   Section        0  stm32f10x_exti.o(.text)
    .text                                    0x08000ff8   Section        0  stm32f10x_rcc.o(.text)
    .text                                    0x0800139c   Section        0  stm32f10x_usart.o(.text)
    .text                                    0x080017a4   Section        0  stm32f10x_gpio.o(.text)
    .text                                    0x08001b00   Section        0  stm32f10x_dac.o(.text)
    .text                                    0x08001c8c   Section        0  stm32f10x_pwr.o(.text)
    .text                                    0x08001d58   Section        0  stm32f10x_flash.o(.text)
    .text                                    0x08002314   Section        0  memcpya.o(.text)
    .text                                    0x08002338   Section        0  dmul.o(.text)
    .text                                    0x0800241c   Section        0  ddiv.o(.text)
    .text                                    0x080024fa   Section        0  dflti.o(.text)
    .text                                    0x0800251c   Section        0  dfltui.o(.text)
    .text                                    0x08002536   Section        0  dfixui.o(.text)
    .text                                    0x08002568   Section        0  f2d.o(.text)
    .text                                    0x0800258e   Section        0  d2f.o(.text)
    .text                                    0x080025c6   Section        0  llushr.o(.text)
    .text                                    0x080025e6   Section        0  fepilogue.o(.text)
    .text                                    0x080025e6   Section        0  iusefp.o(.text)
    .text                                    0x08002654   Section        0  depilogue.o(.text)
    .text                                    0x08002710   Section       36  init.o(.text)
    .text                                    0x08002734   Section        0  llshl.o(.text)
    i.__scatterload_copy                     0x08002752   Section       14  handlers.o(i.__scatterload_copy)
    i.__scatterload_null                     0x08002760   Section        2  handlers.o(i.__scatterload_null)
    i.__scatterload_zeroinit                 0x08002762   Section       14  handlers.o(i.__scatterload_zeroinit)
    .data                                    0x20000000   Section        4  delay.o(.data)
    fac_us                                   0x20000000   Data           1  delay.o(.data)
    fac_ms                                   0x20000002   Data           2  delay.o(.data)
    .data                                    0x20000004   Section        8  usart.o(.data)
    .data                                    0x2000000c   Section        8  sx1278.o(.data)
    .data                                    0x20000014   Section       20  system_stm32f10x.o(.data)
    .data                                    0x20000028   Section       20  stm32f10x_rcc.o(.data)
    APBAHBPrescTable                         0x20000028   Data          16  stm32f10x_rcc.o(.data)
    ADCPrescTable                            0x20000038   Data           4  stm32f10x_rcc.o(.data)
    .bss                                     0x2000003c   Section       10  usart.o(.bss)
    STACK                                    0x20000048   Section     1024  startup_stm32f10x_hd.o(STACK)

    Global Symbols

    Symbol Name                              Value     Ov Type        Size  Object(Section)

    BuildAttributes$$THM_ISAv4$P$D$K$B$S$PE$A:L22UL41UL21$X:L11$S22US41US21$IEEE1$IW$USESV6$~STKCKD$USESV7$~SHL$OTIME$ROPI$EBA8$MICROLIB$REQ8$PRES8$EABIv2 0x00000000   Number         0  anon$$obj.o ABSOLUTE
    __ARM_use_no_argv                        0x00000000   Number         0  main.o ABSOLUTE
    __cpp_initialize__aeabi_                  - Undefined Weak Reference
    __cxa_finalize                            - Undefined Weak Reference
    __decompress                              - Undefined Weak Reference
    _clock_init                               - Undefined Weak Reference
    _microlib_exit                            - Undefined Weak Reference
    __Vectors_Size                           0x00000130   Number         0  startup_stm32f10x_hd.o ABSOLUTE
    __Vectors                                0x08000000   Data           4  startup_stm32f10x_hd.o(RESET)
    __Vectors_End                            0x08000130   Data           0  startup_stm32f10x_hd.o(RESET)
    __main                                   0x08000131   Thumb Code     0  entry.o(.ARM.Collect$$$$00000000)
    _main_stk                                0x08000131   Thumb Code     0  entry2.o(.ARM.Collect$$$$00000001)
    _main_scatterload                        0x08000135   Thumb Code     0  entry5.o(.ARM.Collect$$$$00000004)
    __main_after_scatterload                 0x08000139   Thumb Code     0  entry5.o(.ARM.Collect$$$$00000004)
    _main_clock                              0x08000139   Thumb Code     0  entry7b.o(.ARM.Collect$$$$00000008)
    _main_cpp_init                           0x08000139   Thumb Code     0  entry8b.o(.ARM.Collect$$$$0000000A)
    _main_init                               0x08000139   Thumb Code     0  entry9a.o(.ARM.Collect$$$$0000000B)
    __rt_final_cpp                           0x08000141   Thumb Code     0  entry10a.o(.ARM.Collect$$$$0000000D)
    __rt_final_exit                          0x08000141   Thumb Code     0  entry11a.o(.ARM.Collect$$$$0000000F)
    main                                     0x08000145   Thumb Code   180  main.o(.text)
    fputc                                    0x080001f9   Thumb Code    32  main.o(.text)
    GetKey                                   0x08000219   Thumb Code    26  main.o(.text)
    Dac1_Init                                0x08000241   Thumb Code    92  dac.o(.text)
    Dac1_Set_Vol                             0x0800029d   Thumb Code    64  dac.o(.text)
    DAC_OutVoltage                           0x080002dd   Thumb Code    64  dac.o(.text)
    PVD_Init                                 0x08000329   Thumb Code   100  pvd.o(.text)
    PVD_IRQHandler                           0x0800038d   Thumb Code    30  pvd.o(.text)
    SX1276Read                               0x080003bf   Thumb Code   210  spi.o(.text)
    SX1276ReadBuffer                         0x08000491   Thumb Code   236  spi.o(.text)
    SX1276WriteBuffer                        0x0800057d   Thumb Code   244  spi.o(.text)
    SX1276Write                              0x08000671   Thumb Code   190  spi.o(.text)
    sx1278GPIO_Ini                           0x0800072f   Thumb Code    72  spi.o(.text)
    FLASH_WriteByte                          0x0800077d   Thumb Code    50  flash.o(.text)
    FlashRead                                0x080007af   Thumb Code    26  flash.o(.text)
    delay_init                               0x080007cd   Thumb Code    50  delay.o(.text)
    delay_us                                 0x080007ff   Thumb Code    72  delay.o(.text)
    delay_ms                                 0x08000847   Thumb Code    72  delay.o(.text)
    USART2_Initialise                        0x080008a1   Thumb Code   160  usart.o(.text)
    USART2_IRQHandler                        0x08000941   Thumb Code   170  usart.o(.text)
    onslave                                  0x08000a09   Thumb Code   248  sx1278.o(.text)
    onmaster                                 0x08000b01   Thumb Code   124  sx1278.o(.text)
    Init_sx1278                              0x08000b7d   Thumb Code   120  sx1278.o(.text)
    Reset_Handler                            0x08000c01   Thumb Code     8  startup_stm32f10x_hd.o(.text)
    SysTick_Handler                          0x08000c19   Thumb Code     2  startup_stm32f10x_hd.o(.text)
    ADC1_2_IRQHandler                        0x08000c1b   Thumb Code     0  startup_stm32f10x_hd.o(.text)
    ADC3_IRQHandler                          0x08000c1b   Thumb Code     0  startup_stm32f10x_hd.o(.text)
    CAN1_RX1_IRQHandler                      0x08000c1b   Thumb Code     0  startup_stm32f10x_hd.o(.text)
    CAN1_SCE_IRQHandler                      0x08000c1b   Thumb Code     0  startup_stm32f10x_hd.o(.text)
    DMA1_Channel1_IRQHandler                 0x08000c1b   Thumb Code     0  startup_stm32f10x_hd.o(.text)
    DMA1_Channel2_IRQHandler                 0x08000c1b   Thumb Code     0  startup_stm32f10x_hd.o(.text)
    DMA1_Channel3_IRQHandler                 0x08000c1b   Thumb Code     0  startup_stm32f10x_hd.o(.text)
    DMA1_Channel4_IRQHandler                 0x08000c1b   Thumb Code     0  startup_stm32f10x_hd.o(.text)
    DMA1_Channel5_IRQHandler                 0x08000c1b   Thumb Code     0  startup_stm32f10x_hd.o(.text)
    DMA1_Channel6_IRQHandler                 0x08000c1b   Thumb Code     0  startup_stm32f10x_hd.o(.text)
    DMA1_Channel7_IRQHandler                 0x08000c1b   Thumb Code     0  startup_stm32f10x_hd.o(.text)
    DMA2_Channel1_IRQHandler                 0x08000c1b   Thumb Code     0  startup_stm32f10x_hd.o(.text)
    DMA2_Channel2_IRQHandler                 0x08000c1b   Thumb Code     0  startup_stm32f10x_hd.o(.text)
    DMA2_Channel3_IRQHandler                 0x08000c1b   Thumb Code     0  startup_stm32f10x_hd.o(.text)
    DMA2_Channel4_5_IRQHandler               0x08000c1b   Thumb Code     0  startup_stm32f10x_hd.o(.text)
    EXTI0_IRQHandler                         0x08000c1b   Thumb Code     0  startup_stm32f10x_hd.o(.text)
    EXTI15_10_IRQHandler                     0x08000c1b   Thumb Code     0  startup_stm32f10x_hd.o(.text)
    EXTI1_IRQHandler                         0x08000c1b   Thumb Code     0  startup_stm32f10x_hd.o(.text)
    EXTI2_IRQHandler                         0x08000c1b   Thumb Code     0  startup_stm32f10x_hd.o(.text)
    EXTI3_IRQHandler                         0x08000c1b   Thumb Code     0  startup_stm32f10x_hd.o(.text)
    EXTI4_IRQHandler                         0x08000c1b   Thumb Code     0  startup_stm32f10x_hd.o(.text)
    EXTI9_5_IRQHandler                       0x08000c1b   Thumb Code     0  startup_stm32f10x_hd.o(.text)
    FLASH_IRQHandler                         0x08000c1b   Thumb Code     0  startup_stm32f10x_hd.o(.text)
    FSMC_IRQHandler                          0x08000c1b   Thumb Code     0  startup_stm32f10x_hd.o(.text)
    I2C1_ER_IRQHandler                       0x08000c1b   Thumb Code     0  startup_stm32f10x_hd.o(.text)
    I2C1_EV_IRQHandler                       0x08000c1b   Thumb Code     0  startup_stm32f10x_hd.o(.text)
    I2C2_ER_IRQHandler                       0x08000c1b   Thumb Code     0  startup_stm32f10x_hd.o(.text)
    I2C2_EV_IRQHandler                       0x08000c1b   Thumb Code     0  startup_stm32f10x_hd.o(.text)
    RCC_IRQHandler                           0x08000c1b   Thumb Code     0  startup_stm32f10x_hd.o(.text)
    RTCAlarm_IRQHandler                      0x08000c1b   Thumb Code     0  startup_stm32f10x_hd.o(.text)
    RTC_IRQHandler                           0x08000c1b   Thumb Code     0  startup_stm32f10x_hd.o(.text)
    SDIO_IRQHandler                          0x08000c1b   Thumb Code     0  startup_stm32f10x_hd.o(.text)
    SPI1_IRQHandler                          0x08000c1b   Thumb Code     0  startup_stm32f10x_hd.o(.text)
    SPI2_IRQHandler                          0x08000c1b   Thumb Code     0  startup_stm32f10x_hd.o(.text)
    SPI3_IRQHandler                          0x08000c1b   Thumb Code     0  startup_stm32f10x_hd.o(.text)
    TAMPER_IRQHandler                        0x08000c1b   Thumb Code     0  startup_stm32f10x_hd.o(.text)
    TIM1_BRK_IRQHandler                      0x08000c1b   Thumb Code     0  startup_stm32f10x_hd.o(.text)
    TIM1_CC_IRQHandler                       0x08000c1b   Thumb Code     0  startup_stm32f10x_hd.o(.text)
    TIM1_TRG_COM_IRQHandler                  0x08000c1b   Thumb Code     0  startup_stm32f10x_hd.o(.text)
    TIM1_UP_IRQHandler                       0x08000c1b   Thumb Code     0  startup_stm32f10x_hd.o(.text)
    TIM2_IRQHandler                          0x08000c1b   Thumb Code     0  startup_stm32f10x_hd.o(.text)
    TIM3_IRQHandler                          0x08000c1b   Thumb Code     0  startup_stm32f10x_hd.o(.text)
    TIM4_IRQHandler                          0x08000c1b   Thumb Code     0  startup_stm32f10x_hd.o(.text)
    TIM5_IRQHandler                          0x08000c1b   Thumb Code     0  startup_stm32f10x_hd.o(.text)
    TIM6_IRQHandler                          0x08000c1b   Thumb Code     0  startup_stm32f10x_hd.o(.text)
    TIM7_IRQHandler                          0x08000c1b   Thumb Code     0  startup_stm32f10x_hd.o(.text)
    TIM8_BRK_IRQHandler                      0x08000c1b   Thumb Code     0  startup_stm32f10x_hd.o(.text)
    TIM8_CC_IRQHandler                       0x08000c1b   Thumb Code     0  startup_stm32f10x_hd.o(.text)
    TIM8_TRG_COM_IRQHandler                  0x08000c1b   Thumb Code     0  startup_stm32f10x_hd.o(.text)
    TIM8_UP_IRQHandler                       0x08000c1b   Thumb Code     0  startup_stm32f10x_hd.o(.text)
    UART4_IRQHandler                         0x08000c1b   Thumb Code     0  startup_stm32f10x_hd.o(.text)
    UART5_IRQHandler                         0x08000c1b   Thumb Code     0  startup_stm32f10x_hd.o(.text)
    USART1_IRQHandler                        0x08000c1b   Thumb Code     0  startup_stm32f10x_hd.o(.text)
    USART3_IRQHandler                        0x08000c1b   Thumb Code     0  startup_stm32f10x_hd.o(.text)
    USBWakeUp_IRQHandler                     0x08000c1b   Thumb Code     0  startup_stm32f10x_hd.o(.text)
    USB_HP_CAN1_TX_IRQHandler                0x08000c1b   Thumb Code     0  startup_stm32f10x_hd.o(.text)
    USB_LP_CAN1_RX0_IRQHandler               0x08000c1b   Thumb Code     0  startup_stm32f10x_hd.o(.text)
    WWDG_IRQHandler                          0x08000c1b   Thumb Code     0  startup_stm32f10x_hd.o(.text)
    SystemInit                               0x08000ce7   Thumb Code    78  system_stm32f10x.o(.text)
    SystemCoreClockUpdate                    0x08000d35   Thumb Code   142  system_stm32f10x.o(.text)
    NVIC_PriorityGroupConfig                 0x08000de9   Thumb Code    10  misc.o(.text)
    NVIC_Init                                0x08000df3   Thumb Code   100  misc.o(.text)
    NVIC_SetVectorTable                      0x08000e57   Thumb Code    14  misc.o(.text)
    NVIC_SystemLPConfig                      0x08000e65   Thumb Code    34  misc.o(.text)
    SysTick_CLKSourceConfig                  0x08000e87   Thumb Code    40  misc.o(.text)
    NMI_Handler                              0x08000ec5   Thumb Code     2  stm32f10x_it.o(.text)
    HardFault_Handler                        0x08000ec7   Thumb Code     4  stm32f10x_it.o(.text)
    MemManage_Handler                        0x08000ecb   Thumb Code     4  stm32f10x_it.o(.text)
    BusFault_Handler                         0x08000ecf   Thumb Code     4  stm32f10x_it.o(.text)
    UsageFault_Handler                       0x08000ed3   Thumb Code     4  stm32f10x_it.o(.text)
    SVC_Handler                              0x08000ed7   Thumb Code     2  stm32f10x_it.o(.text)
    DebugMon_Handler                         0x08000ed9   Thumb Code     2  stm32f10x_it.o(.text)
    PendSV_Handler                           0x08000edb   Thumb Code     2  stm32f10x_it.o(.text)
    EXTI_DeInit                              0x08000edd   Thumb Code    28  stm32f10x_exti.o(.text)
    EXTI_Init                                0x08000ef9   Thumb Code   142  stm32f10x_exti.o(.text)
    EXTI_StructInit                          0x08000f87   Thumb Code    16  stm32f10x_exti.o(.text)
    EXTI_GenerateSWInterrupt                 0x08000f97   Thumb Code    16  stm32f10x_exti.o(.text)
    EXTI_GetFlagStatus                       0x08000fa7   Thumb Code    22  stm32f10x_exti.o(.text)
    EXTI_ClearFlag                           0x08000fbd   Thumb Code     8  stm32f10x_exti.o(.text)
    EXTI_GetITStatus                         0x08000fc5   Thumb Code    34  stm32f10x_exti.o(.text)
    EXTI_ClearITPendingBit                   0x08000fe7   Thumb Code     8  stm32f10x_exti.o(.text)
    RCC_DeInit                               0x08000ff9   Thumb Code    64  stm32f10x_rcc.o(.text)
    RCC_HSEConfig                            0x08001039   Thumb Code    70  stm32f10x_rcc.o(.text)
    RCC_GetFlagStatus                        0x0800107f   Thumb Code    56  stm32f10x_rcc.o(.text)
    RCC_WaitForHSEStartUp                    0x080010b7   Thumb Code    56  stm32f10x_rcc.o(.text)
    RCC_AdjustHSICalibrationValue            0x080010ef   Thumb Code    20  stm32f10x_rcc.o(.text)
    RCC_HSICmd                               0x08001103   Thumb Code     6  stm32f10x_rcc.o(.text)
    RCC_PLLConfig                            0x08001109   Thumb Code    24  stm32f10x_rcc.o(.text)
    RCC_PLLCmd                               0x08001121   Thumb Code     6  stm32f10x_rcc.o(.text)
    RCC_SYSCLKConfig                         0x08001127   Thumb Code    18  stm32f10x_rcc.o(.text)
    RCC_GetSYSCLKSource                      0x08001139   Thumb Code    10  stm32f10x_rcc.o(.text)
    RCC_HCLKConfig                           0x08001143   Thumb Code    18  stm32f10x_rcc.o(.text)
    RCC_PCLK1Config                          0x08001155   Thumb Code    18  stm32f10x_rcc.o(.text)
    RCC_PCLK2Config                          0x08001167   Thumb Code    20  stm32f10x_rcc.o(.text)
    RCC_ITConfig                             0x0800117b   Thumb Code    26  stm32f10x_rcc.o(.text)
    RCC_USBCLKConfig                         0x08001195   Thumb Code     8  stm32f10x_rcc.o(.text)
    RCC_ADCCLKConfig                         0x0800119d   Thumb Code    18  stm32f10x_rcc.o(.text)
    RCC_LSEConfig                            0x080011af   Thumb Code    50  stm32f10x_rcc.o(.text)
    RCC_LSICmd                               0x080011e1   Thumb Code     6  stm32f10x_rcc.o(.text)
    RCC_RTCCLKConfig                         0x080011e7   Thumb Code    12  stm32f10x_rcc.o(.text)
    RCC_RTCCLKCmd                            0x080011f3   Thumb Code     8  stm32f10x_rcc.o(.text)
    RCC_GetClocksFreq                        0x080011fb   Thumb Code   192  stm32f10x_rcc.o(.text)
    RCC_AHBPeriphClockCmd                    0x080012bb   Thumb Code    26  stm32f10x_rcc.o(.text)
    RCC_APB2PeriphClockCmd                   0x080012d5   Thumb Code    26  stm32f10x_rcc.o(.text)
    RCC_APB1PeriphClockCmd                   0x080012ef   Thumb Code    26  stm32f10x_rcc.o(.text)
    RCC_APB2PeriphResetCmd                   0x08001309   Thumb Code    26  stm32f10x_rcc.o(.text)
    RCC_APB1PeriphResetCmd                   0x08001323   Thumb Code    26  stm32f10x_rcc.o(.text)
    RCC_BackupResetCmd                       0x0800133d   Thumb Code     8  stm32f10x_rcc.o(.text)
    RCC_ClockSecuritySystemCmd               0x08001345   Thumb Code     6  stm32f10x_rcc.o(.text)
    RCC_MCOConfig                            0x0800134b   Thumb Code     6  stm32f10x_rcc.o(.text)
    RCC_ClearFlag                            0x08001351   Thumb Code    14  stm32f10x_rcc.o(.text)
    RCC_GetITStatus                          0x0800135f   Thumb Code    20  stm32f10x_rcc.o(.text)
    RCC_ClearITPendingBit                    0x08001373   Thumb Code     6  stm32f10x_rcc.o(.text)
    USART_DeInit                             0x0800139d   Thumb Code   134  stm32f10x_usart.o(.text)
    USART_Init                               0x08001423   Thumb Code   210  stm32f10x_usart.o(.text)
    USART_StructInit                         0x080014f5   Thumb Code    24  stm32f10x_usart.o(.text)
    USART_ClockInit                          0x0800150d   Thumb Code    34  stm32f10x_usart.o(.text)
    USART_ClockStructInit                    0x0800152f   Thumb Code    12  stm32f10x_usart.o(.text)
    USART_Cmd                                0x0800153b   Thumb Code    24  stm32f10x_usart.o(.text)
    USART_ITConfig                           0x08001553   Thumb Code    74  stm32f10x_usart.o(.text)
    USART_DMACmd                             0x0800159d   Thumb Code    18  stm32f10x_usart.o(.text)
    USART_SetAddress                         0x080015af   Thumb Code    18  stm32f10x_usart.o(.text)
    USART_WakeUpConfig                       0x080015c1   Thumb Code    18  stm32f10x_usart.o(.text)
    USART_ReceiverWakeUpCmd                  0x080015d3   Thumb Code    24  stm32f10x_usart.o(.text)
    USART_LINBreakDetectLengthConfig         0x080015eb   Thumb Code    18  stm32f10x_usart.o(.text)
    USART_LINCmd                             0x080015fd   Thumb Code    24  stm32f10x_usart.o(.text)
    USART_SendData                           0x08001615   Thumb Code     8  stm32f10x_usart.o(.text)
    USART_ReceiveData                        0x0800161d   Thumb Code    10  stm32f10x_usart.o(.text)
    USART_SendBreak                          0x08001627   Thumb Code    10  stm32f10x_usart.o(.text)
    USART_SetGuardTime                       0x08001631   Thumb Code    16  stm32f10x_usart.o(.text)
    USART_SetPrescaler                       0x08001641   Thumb Code    16  stm32f10x_usart.o(.text)
    USART_SmartCardCmd                       0x08001651   Thumb Code    24  stm32f10x_usart.o(.text)
    USART_SmartCardNACKCmd                   0x08001669   Thumb Code    24  stm32f10x_usart.o(.text)
    USART_HalfDuplexCmd                      0x08001681   Thumb Code    24  stm32f10x_usart.o(.text)
    USART_OverSampling8Cmd                   0x08001699   Thumb Code    22  stm32f10x_usart.o(.text)
    USART_OneBitMethodCmd                    0x080016af   Thumb Code    24  stm32f10x_usart.o(.text)
    USART_IrDAConfig                         0x080016c7   Thumb Code    18  stm32f10x_usart.o(.text)
    USART_IrDACmd                            0x080016d9   Thumb Code    24  stm32f10x_usart.o(.text)
    USART_GetFlagStatus                      0x080016f1   Thumb Code    26  stm32f10x_usart.o(.text)
    USART_ClearFlag                          0x0800170b   Thumb Code    18  stm32f10x_usart.o(.text)
    USART_GetITStatus                        0x0800171d   Thumb Code    84  stm32f10x_usart.o(.text)
    USART_ClearITPendingBit                  0x08001771   Thumb Code    52  stm32f10x_usart.o(.text)
    GPIO_DeInit                              0x080017a5   Thumb Code   172  stm32f10x_gpio.o(.text)
    GPIO_AFIODeInit                          0x08001851   Thumb Code    20  stm32f10x_gpio.o(.text)
    GPIO_Init                                0x08001865   Thumb Code   278  stm32f10x_gpio.o(.text)
    GPIO_StructInit                          0x0800197b   Thumb Code    16  stm32f10x_gpio.o(.text)
    GPIO_ReadInputDataBit                    0x0800198b   Thumb Code    18  stm32f10x_gpio.o(.text)
    GPIO_ReadInputData                       0x0800199d   Thumb Code     8  stm32f10x_gpio.o(.text)
    GPIO_ReadOutputDataBit                   0x080019a5   Thumb Code    18  stm32f10x_gpio.o(.text)
    GPIO_ReadOutputData                      0x080019b7   Thumb Code     8  stm32f10x_gpio.o(.text)
    GPIO_SetBits                             0x080019bf   Thumb Code     4  stm32f10x_gpio.o(.text)
    GPIO_ResetBits                           0x080019c3   Thumb Code     4  stm32f10x_gpio.o(.text)
    GPIO_WriteBit                            0x080019c7   Thumb Code    10  stm32f10x_gpio.o(.text)
    GPIO_Write                               0x080019d1   Thumb Code     4  stm32f10x_gpio.o(.text)
    GPIO_PinLockConfig                       0x080019d5   Thumb Code    18  stm32f10x_gpio.o(.text)
    GPIO_EventOutputConfig                   0x080019e7   Thumb Code    26  stm32f10x_gpio.o(.text)
    GPIO_EventOutputCmd                      0x08001a01   Thumb Code     6  stm32f10x_gpio.o(.text)
    GPIO_PinRemapConfig                      0x08001a07   Thumb Code   138  stm32f10x_gpio.o(.text)
    GPIO_EXTILineConfig                      0x08001a91   Thumb Code    66  stm32f10x_gpio.o(.text)
    GPIO_ETH_MediaInterfaceConfig            0x08001ad3   Thumb Code     8  stm32f10x_gpio.o(.text)
    DAC_DeInit                               0x08001b01   Thumb Code    22  stm32f10x_dac.o(.text)
    DAC_Init                                 0x08001b17   Thumb Code    46  stm32f10x_dac.o(.text)
    DAC_StructInit                           0x08001b45   Thumb Code    12  stm32f10x_dac.o(.text)
    DAC_Cmd                                  0x08001b51   Thumb Code    34  stm32f10x_dac.o(.text)
    DAC_DMACmd                               0x08001b73   Thumb Code    38  stm32f10x_dac.o(.text)
    DAC_SoftwareTriggerCmd                   0x08001b99   Thumb Code    48  stm32f10x_dac.o(.text)
    DAC_DualSoftwareTriggerCmd               0x08001bc9   Thumb Code    38  stm32f10x_dac.o(.text)
    DAC_WaveGenerationCmd                    0x08001bef   Thumb Code    36  stm32f10x_dac.o(.text)
    DAC_SetChannel1Data                      0x08001c13   Thumb Code    26  stm32f10x_dac.o(.text)
    DAC_SetChannel2Data                      0x08001c2d   Thumb Code    26  stm32f10x_dac.o(.text)
    DAC_SetDualChannelData                   0x08001c47   Thumb Code    32  stm32f10x_dac.o(.text)
    DAC_GetDataOutputValue                   0x08001c67   Thumb Code    32  stm32f10x_dac.o(.text)
    PWR_DeInit                               0x08001c8d   Thumb Code    22  stm32f10x_pwr.o(.text)
    PWR_BackupAccessCmd                      0x08001ca3   Thumb Code     6  stm32f10x_pwr.o(.text)
    PWR_PVDCmd                               0x08001ca9   Thumb Code     6  stm32f10x_pwr.o(.text)
    PWR_PVDLevelConfig                       0x08001caf   Thumb Code    18  stm32f10x_pwr.o(.text)
    PWR_WakeUpPinCmd                         0x08001cc1   Thumb Code     8  stm32f10x_pwr.o(.text)
    PWR_EnterSTOPMode                        0x08001cc9   Thumb Code    54  stm32f10x_pwr.o(.text)
    PWR_EnterSTANDBYMode                     0x08001cff   Thumb Code    42  stm32f10x_pwr.o(.text)
    PWR_GetFlagStatus                        0x08001d29   Thumb Code    20  stm32f10x_pwr.o(.text)
    PWR_ClearFlag                            0x08001d3d   Thumb Code    14  stm32f10x_pwr.o(.text)
    FLASH_SetLatency                         0x08001d59   Thumb Code    18  stm32f10x_flash.o(.text)
    FLASH_HalfCycleAccessCmd                 0x08001d6b   Thumb Code    22  stm32f10x_flash.o(.text)
    FLASH_PrefetchBufferCmd                  0x08001d81   Thumb Code    22  stm32f10x_flash.o(.text)
    FLASH_Unlock                             0x08001d97   Thumb Code    12  stm32f10x_flash.o(.text)
    FLASH_UnlockBank1                        0x08001da3   Thumb Code    12  stm32f10x_flash.o(.text)
    FLASH_Lock                               0x08001daf   Thumb Code    14  stm32f10x_flash.o(.text)
    FLASH_LockBank1                          0x08001dbd   Thumb Code    14  stm32f10x_flash.o(.text)
    FLASH_GetBank1Status                     0x08001dcb   Thumb Code    48  stm32f10x_flash.o(.text)
    FLASH_WaitForLastOperation               0x08001dfb   Thumb Code    38  stm32f10x_flash.o(.text)
    FLASH_ErasePage                          0x08001e21   Thumb Code    72  stm32f10x_flash.o(.text)
    FLASH_EraseAllPages                      0x08001e69   Thumb Code    68  stm32f10x_flash.o(.text)
    FLASH_WaitForLastBank1Operation          0x08001ead   Thumb Code    38  stm32f10x_flash.o(.text)
    FLASH_EraseAllBank1Pages                 0x08001ed3   Thumb Code    68  stm32f10x_flash.o(.text)
    FLASH_GetReadOutProtectionStatus         0x08001f17   Thumb Code    20  stm32f10x_flash.o(.text)
    FLASH_EraseOptionBytes                   0x08001f2b   Thumb Code   150  stm32f10x_flash.o(.text)
    FLASH_ProgramWord                        0x08001fc1   Thumb Code   102  stm32f10x_flash.o(.text)
    FLASH_ProgramHalfWord                    0x08002027   Thumb Code    60  stm32f10x_flash.o(.text)
    FLASH_ProgramOptionByteData              0x08002063   Thumb Code    72  stm32f10x_flash.o(.text)
    FLASH_EnableWriteProtection              0x080020ab   Thumb Code   200  stm32f10x_flash.o(.text)
    FLASH_ReadOutProtection                  0x08002173   Thumb Code   156  stm32f10x_flash.o(.text)
    FLASH_UserOptionByteConfig               0x0800220f   Thumb Code    88  stm32f10x_flash.o(.text)
    FLASH_GetUserOptionByte                  0x08002267   Thumb Code     8  stm32f10x_flash.o(.text)
    FLASH_GetWriteProtectionOptionByte       0x0800226f   Thumb Code     6  stm32f10x_flash.o(.text)
    FLASH_GetPrefetchBufferStatus            0x08002275   Thumb Code    20  stm32f10x_flash.o(.text)
    FLASH_ITConfig                           0x08002289   Thumb Code    26  stm32f10x_flash.o(.text)
    FLASH_GetFlagStatus                      0x080022a3   Thumb Code    42  stm32f10x_flash.o(.text)
    FLASH_ClearFlag                          0x080022cd   Thumb Code     6  stm32f10x_flash.o(.text)
    FLASH_GetStatus                          0x080022d3   Thumb Code    48  stm32f10x_flash.o(.text)
    __aeabi_memcpy                           0x08002315   Thumb Code    36  memcpya.o(.text)
    __aeabi_memcpy4                          0x08002315   Thumb Code     0  memcpya.o(.text)
    __aeabi_memcpy8                          0x08002315   Thumb Code     0  memcpya.o(.text)
    __aeabi_dmul                             0x08002339   Thumb Code   228  dmul.o(.text)
    __aeabi_ddiv                             0x0800241d   Thumb Code   222  ddiv.o(.text)
    __aeabi_i2d                              0x080024fb   Thumb Code    34  dflti.o(.text)
    __aeabi_ui2d                             0x0800251d   Thumb Code    26  dfltui.o(.text)
    __aeabi_d2uiz                            0x08002537   Thumb Code    50  dfixui.o(.text)
    __aeabi_f2d                              0x08002569   Thumb Code    38  f2d.o(.text)
    __aeabi_d2f                              0x0800258f   Thumb Code    56  d2f.o(.text)
    __aeabi_llsr                             0x080025c7   Thumb Code    32  llushr.o(.text)
    _ll_ushift_r                             0x080025c7   Thumb Code     0  llushr.o(.text)
    __I$use$fp                               0x080025e7   Thumb Code     0  iusefp.o(.text)
    _float_round                             0x080025e7   Thumb Code    18  fepilogue.o(.text)
    _float_epilogue                          0x080025f9   Thumb Code    92  fepilogue.o(.text)
    _double_round                            0x08002655   Thumb Code    30  depilogue.o(.text)
    _double_epilogue                         0x08002673   Thumb Code   156  depilogue.o(.text)
    __scatterload                            0x08002711   Thumb Code    28  init.o(.text)
    __scatterload_rt2                        0x08002711   Thumb Code     0  init.o(.text)
    __aeabi_llsl                             0x08002735   Thumb Code    30  llshl.o(.text)
    _ll_shift_l                              0x08002735   Thumb Code     0  llshl.o(.text)
    __scatterload_copy                       0x08002753   Thumb Code    14  handlers.o(i.__scatterload_copy)
    __scatterload_null                       0x08002761   Thumb Code     2  handlers.o(i.__scatterload_null)
    __scatterload_zeroinit                   0x08002763   Thumb Code    14  handlers.o(i.__scatterload_zeroinit)
    Region$$Table$$Base                      0x08002770   Number         0  anon$$obj.o(Region$$Table)
    Region$$Table$$Limit                     0x08002790   Number         0  anon$$obj.o(Region$$Table)
    count                                    0x20000004   Data           4  usart.o(.data)
    date                                     0x20000008   Data           4  usart.o(.data)
    test                                     0x2000000c   Data           1  sx1278.o(.data)
    prev                                     0x2000000d   Data           1  sx1278.o(.data)
    i                                        0x20000010   Data           4  sx1278.o(.data)
    SystemCoreClock                          0x20000014   Data           4  system_stm32f10x.o(.data)
    AHBPrescTable                            0x20000018   Data          16  system_stm32f10x.o(.data)
    USART2_RX_BUF                            0x2000003c   Data          10  usart.o(.bss)
    __initial_sp                             0x20000448   Data           0  startup_stm32f10x_hd.o(STACK)



==============================================================================

Memory Map of the image

  Image Entry point : 0x08000131

  Load Region LR_IROM1 (Base: 0x08000000, Size: 0x000027cc, Max: 0x00040000, ABSOLUTE)

    Execution Region ER_IROM1 (Base: 0x08000000, Size: 0x00002790, Max: 0x00040000, ABSOLUTE)

    Base Addr    Size         Type   Attr      Idx    E Section Name        Object

    0x08000000   0x00000130   Data   RO          316    RESET               startup_stm32f10x_hd.o
    0x08000130   0x00000000   Code   RO          516  * .ARM.Collect$$$$00000000  mc_w.l(entry.o)
    0x08000130   0x00000004   Code   RO          537    .ARM.Collect$$$$00000001  mc_w.l(entry2.o)
    0x08000134   0x00000004   Code   RO          540    .ARM.Collect$$$$00000004  mc_w.l(entry5.o)
    0x08000138   0x00000000   Code   RO          542    .ARM.Collect$$$$00000008  mc_w.l(entry7b.o)
    0x08000138   0x00000000   Code   RO          544    .ARM.Collect$$$$0000000A  mc_w.l(entry8b.o)
    0x08000138   0x00000008   Code   RO          545    .ARM.Collect$$$$0000000B  mc_w.l(entry9a.o)
    0x08000140   0x00000000   Code   RO          547    .ARM.Collect$$$$0000000D  mc_w.l(entry10a.o)
    0x08000140   0x00000000   Code   RO          549    .ARM.Collect$$$$0000000F  mc_w.l(entry11a.o)
    0x08000140   0x00000004   Code   RO          538    .ARM.Collect$$$$00002712  mc_w.l(entry2.o)
    0x08000144   0x000000fc   Code   RO            1    .text               main.o
    0x08000240   0x000000e8   Code   RO          173    .text               dac.o
    0x08000328   0x00000088   Code   RO          204    .text               pvd.o
    0x080003b0   0x000003cc   Code   RO          217    .text               spi.o
    0x0800077c   0x00000050   Code   RO          229    .text               flash.o
    0x080007cc   0x000000d4   Code   RO          248    .text               delay.o
    0x080008a0   0x00000168   Code   RO          279    .text               usart.o
    0x08000a08   0x000001f8   Code   RO          298    .text               sx1278.o
    0x08000c00   0x00000024   Code   RO          317    .text               startup_stm32f10x_hd.o
    0x08000c24   0x000001c4   Code   RO          321    .text               system_stm32f10x.o
    0x08000de8   0x000000dc   Code   RO          371    .text               misc.o
    0x08000ec4   0x00000018   Code   RO          383    .text               stm32f10x_it.o
    0x08000edc   0x0000011c   Code   RO          406    .text               stm32f10x_exti.o
    0x08000ff8   0x000003a4   Code   RO          418    .text               stm32f10x_rcc.o
    0x0800139c   0x00000408   Code   RO          432    .text               stm32f10x_usart.o
    0x080017a4   0x0000035c   Code   RO          456    .text               stm32f10x_gpio.o
    0x08001b00   0x0000018c   Code   RO          468    .text               stm32f10x_dac.o
    0x08001c8c   0x000000cc   Code   RO          480    .text               stm32f10x_pwr.o
    0x08001d58   0x000005bc   Code   RO          492    .text               stm32f10x_flash.o
    0x08002314   0x00000024   Code   RO          519    .text               mc_w.l(memcpya.o)
    0x08002338   0x000000e4   Code   RO          523    .text               mf_w.l(dmul.o)
    0x0800241c   0x000000de   Code   RO          525    .text               mf_w.l(ddiv.o)
    0x080024fa   0x00000022   Code   RO          527    .text               mf_w.l(dflti.o)
    0x0800251c   0x0000001a   Code   RO          529    .text               mf_w.l(dfltui.o)
    0x08002536   0x00000032   Code   RO          531    .text               mf_w.l(dfixui.o)
    0x08002568   0x00000026   Code   RO          533    .text               mf_w.l(f2d.o)
    0x0800258e   0x00000038   Code   RO          535    .text               mf_w.l(d2f.o)
    0x080025c6   0x00000020   Code   RO          551    .text               mc_w.l(llushr.o)
    0x080025e6   0x00000000   Code   RO          553    .text               mc_w.l(iusefp.o)
    0x080025e6   0x0000006e   Code   RO          554    .text               mf_w.l(fepilogue.o)
    0x08002654   0x000000ba   Code   RO          556    .text               mf_w.l(depilogue.o)
    0x0800270e   0x00000002   PAD
    0x08002710   0x00000024   Code   RO          558    .text               mc_w.l(init.o)
    0x08002734   0x0000001e   Code   RO          560    .text               mc_w.l(llshl.o)
    0x08002752   0x0000000e   Code   RO          564    i.__scatterload_copy  mc_w.l(handlers.o)
    0x08002760   0x00000002   Code   RO          565    i.__scatterload_null  mc_w.l(handlers.o)
    0x08002762   0x0000000e   Code   RO          566    i.__scatterload_zeroinit  mc_w.l(handlers.o)
    0x08002770   0x00000020   Data   RO          562    Region$$Table       anon$$obj.o


    Execution Region RW_IRAM1 (Base: 0x20000000, Size: 0x00000448, Max: 0x0000c000, ABSOLUTE)

    Base Addr    Size         Type   Attr      Idx    E Section Name        Object

    0x20000000   0x00000004   Data   RW          249    .data               delay.o
    0x20000004   0x00000008   Data   RW          281    .data               usart.o
    0x2000000c   0x00000008   Data   RW          300    .data               sx1278.o
    0x20000014   0x00000014   Data   RW          322    .data               system_stm32f10x.o
    0x20000028   0x00000014   Data   RW          419    .data               stm32f10x_rcc.o
    0x2000003c   0x0000000a   Zero   RW          280    .bss                usart.o
    0x20000046   0x00000002   PAD
    0x20000048   0x00000400   Zero   RW          314    STACK               startup_stm32f10x_hd.o


==============================================================================

Image component sizes


      Code (inc. data)   RO Data    RW Data    ZI Data      Debug   Object Name

       232         12          0          0          0        976   dac.o
       212         18          0          4          0       1019   delay.o
        80          4          0          0          0       1068   flash.o
       252         14          0          0          0     247896   main.o
       220         22          0          0          0       1797   misc.o
       136          6          0          0          0        654   pvd.o
       972          6          0          0          0       3123   spi.o
        36          8        304          0       1024        792   startup_stm32f10x_hd.o
       396          6          0          0          0       3646   stm32f10x_dac.o
       284         10          0          0          0       2231   stm32f10x_exti.o
      1468         34          0          0          0       8030   stm32f10x_flash.o
       860         38          0          0          0       5641   stm32f10x_gpio.o
        24          0          0          0          0       1086   stm32f10x_it.o
       204         14          0          0          0       1915   stm32f10x_pwr.o
       932         36          0         20          0       8812   stm32f10x_rcc.o
      1032         22          0          0          0       8368   stm32f10x_usart.o
       504         12          0          8          0       1805   sx1278.o
         0          0          0          0          0         32   sys.o
       452         38          0         20          0       1735   system_stm32f10x.o
       360         30          0          8         10       1733   usart.o

    ----------------------------------------------------------------------
      8656        330        336         60       1036     302359   Object Totals
         0          0         32          0          0          0   (incl. Generated)
         0          0          0          0          2          0   (incl. Padding)

    ----------------------------------------------------------------------

      Code (inc. data)   RO Data    RW Data    ZI Data      Debug   Library Member Name

         0          0          0          0          0          0   entry.o
         0          0          0          0          0          0   entry10a.o
         0          0          0          0          0          0   entry11a.o
         8          4          0          0          0          0   entry2.o
         4          0          0          0          0          0   entry5.o
         0          0          0          0          0          0   entry7b.o
         0          0          0          0          0          0   entry8b.o
         8          4          0          0          0          0   entry9a.o
        30          0          0          0          0          0   handlers.o
        36          8          0          0          0         68   init.o
         0          0          0          0          0          0   iusefp.o
        30          0          0          0          0         68   llshl.o
        32          0          0          0          0         68   llushr.o
        36          0          0          0          0         68   memcpya.o
        56          0          0          0          0         88   d2f.o
       222          0          0          0          0        100   ddiv.o
       186          0          0          0          0        176   depilogue.o
        50          0          0          0          0         76   dfixui.o
        34          0          0          0          0         76   dflti.o
        26          0          0          0          0         76   dfltui.o
       228          0          0          0          0         96   dmul.o
        38          0          0          0          0         68   f2d.o
       110          0          0          0          0        168   fepilogue.o

    ----------------------------------------------------------------------
      1136         16          0          0          0       1196   Library Totals
         2          0          0          0          0          0   (incl. Padding)

    ----------------------------------------------------------------------

      Code (inc. data)   RO Data    RW Data    ZI Data      Debug   Library Name

       184         16          0          0          0        272   mc_w.l
       950          0          0          0          0        924   mf_w.l

    ----------------------------------------------------------------------
      1136         16          0          0          0       1196   Library Totals

    ----------------------------------------------------------------------

==============================================================================


      Code (inc. data)   RO Data    RW Data    ZI Data      Debug   

      9792        346        336         60       1036     301523   Grand Totals
      9792        346        336         60       1036     301523   ELF Image Totals
      9792        346        336         60          0          0   ROM Totals

==============================================================================

    Total RO  Size (Code + RO Data)                10128 (   9.89kB)
    Total RW  Size (RW Data + ZI Data)              1096 (   1.07kB)
    Total ROM Size (Code + RO Data + RW Data)      10188 (   9.95kB)

==============================================================================

